Category: 📺央视频道, Name: CCTV-2, Total: 8, Valid: 8, Valid Percent: 100.00%, Whitelist: 0, IPv4: 8, IPv6: 0, Min Delay: 346 ms, Max Speed: 3.54 M/s, Avg Speed: 1.87 M/s, Max Resolution: 1920x1080
Category: 📺央视频道, Name: CCTV-3, Total: 8, Valid: 8, Valid Percent: 100.00%, Whitelist: 0, IPv4: 8, IPv6: 0, Min Delay: 1247 ms, Max Speed: 4.18 M/s, Avg Speed: 1.50 M/s, Max Resolution: 1920x1080
Category: 📺央视频道, Name: CCTV-4, Total: 6, Valid: 6, Valid Percent: 100.00%, Whitelist: 0, IPv4: 6, IPv6: 0, Min Delay: 70 ms, Max Speed: 65.87 M/s, Avg Speed: 23.78 M/s, Max Resolution: 1920x1080
Category: 📺央视频道, Name: CCTV-5, Total: 29, Valid: 29, Valid Percent: 100.00%, Whitelist: 0, IPv4: 29, IPv6: 0, Min Delay: 70 ms, Max Speed: 65.87 M/s, Avg Speed: 12.79 M/s, Max Resolution: 1920x1080
Category: 📺央视频道, Name: CCTV-5+, Total: 8, Valid: 8, Valid Percent: 100.00%, Whitelist: 0, IPv4: 8, IPv6: 0, Min Delay: 352 ms, Max Speed: 8.08 M/s, Avg Speed: 2.13 M/s, Max Resolution: 1920x1080
Category: 📺央视频道, Name: CCTV-6, Total: 22, Valid: 22, Valid Percent: 100.00%, Whitelist: 0, IPv4: 22, IPv6: 0, Min Delay: 70 ms, Max Speed: 65.87 M/s, Avg Speed: 21.96 M/s, Max Resolution: 1920x1080
Category: 📺央视频道, Name: CCTV-7, Total: 19, Valid: 19, Valid Percent: 100.00%, Whitelist: 0, IPv4: 19, IPv6: 0, Min Delay: 70 ms, Max Speed: 65.87 M/s, Avg Speed: 25.34 M/s, Max Resolution: 1920x1080
Category: 📺央视频道, Name: CCTV-8, Total: 25, Valid: 25, Valid Percent: 100.00%, Whitelist: 0, IPv4: 25, IPv6: 0, Min Delay: 70 ms, Max Speed: 65.87 M/s, Avg Speed: 17.20 M/s, Max Resolution: 1920x1080
Category: 📺央视频道, Name: CCTV-9, Total: 23, Valid: 23, Valid Percent: 100.00%, Whitelist: 0, IPv4: 23, IPv6: 0, Min Delay: 70 ms, Max Speed: 65.87 M/s, Avg Speed: 21.39 M/s, Max Resolution: 1920x1080
Category: 📺央视频道, Name: CCTV-10, Total: 26, Valid: 26, Valid Percent: 100.00%, Whitelist: 0, IPv4: 26, IPv6: 0, Min Delay: 70 ms, Max Speed: 65.87 M/s, Avg Speed: 18.77 M/s, Max Resolution: 1920x1080
Category: 📺央视频道, Name: CCTV-11, Total: 20, Valid: 20, Valid Percent: 100.00%, Whitelist: 0, IPv4: 20, IPv6: 0, Min Delay: 70 ms, Max Speed: 65.87 M/s, Avg Speed: 21.08 M/s, Max Resolution: 1920x1080
Category: 📺央视频道, Name: CCTV-12, Total: 21, Valid: 21, Valid Percent: 100.00%, Whitelist: 0, IPv4: 21, IPv6: 0, Min Delay: 70 ms, Max Speed: 65.87 M/s, Avg Speed: 23.22 M/s, Max Resolution: 1920x1080
Category: 📺央视频道, Name: CCTV-13, Total: 21, Valid: 21, Valid Percent: 100.00%, Whitelist: 0, IPv4: 19, IPv6: 2, Min Delay: 70 ms, Max Speed: 65.87 M/s, Avg Speed: 23.20 M/s, Max Resolution: 1920x1080
Category: 📺央视频道, Name: CCTV-14, Total: 25, Valid: 25, Valid Percent: 100.00%, Whitelist: 0, IPv4: 22, IPv6: 3, Min Delay: 70 ms, Max Speed: 65.87 M/s, Avg Speed: 19.61 M/s, Max Resolution: 1920x1080
Category: 📺央视频道, Name: CCTV-15, Total: 23, Valid: 23, Valid Percent: 100.00%, Whitelist: 0, IPv4: 23, IPv6: 0, Min Delay: 70 ms, Max Speed: 65.87 M/s, Avg Speed: 21.23 M/s, Max Resolution: 1920x1080
Category: 📺央视频道, Name: CCTV-16, Total: 18, Valid: 18, Valid Percent: 100.00%, Whitelist: 0, IPv4: 18, IPv6: 0, Min Delay: 70 ms, Max Speed: 65.87 M/s, Avg Speed: 15.99 M/s, Max Resolution: 1920x1080
Category: 📺央视频道, Name: CCTV-17, Total: 20, Valid: 20, Valid Percent: 100.00%, Whitelist: 0, IPv4: 20, IPv6: 0, Min Delay: 70 ms, Max Speed: 65.87 M/s, Avg Speed: 24.32 M/s, Max Resolution: 1920x1080
Category: 📡卫视频道, Name: 广东卫视, Total: 13, Valid: 13, Valid Percent: 100.00%, Whitelist: 0, IPv4: 13, IPv6: 0, Min Delay: 70 ms, Max Speed: 65.87 M/s, Avg Speed: 31.83 M/s, Max Resolution: 1920x1080
Category: 📡卫视频道, Name: 浙江卫视, Total: 17, Valid: 17, Valid Percent: 100.00%, Whitelist: 0, IPv4: 17, IPv6: 0, Min Delay: 70 ms, Max Speed: 65.87 M/s, Avg Speed: 24.45 M/s, Max Resolution: 1920x1080
Category: 📡卫视频道, Name: 湖南卫视, Total: 22, Valid: 22, Valid Percent: 100.00%, Whitelist: 0, IPv4: 22, IPv6: 0, Min Delay: 70 ms, Max Speed: 65.87 M/s, Avg Speed: 25.13 M/s, Max Resolution: 1920x1080
Category: 📡卫视频道, Name: 北京卫视, Total: 17, Valid: 17, Valid Percent: 100.00%, Whitelist: 0, IPv4: 17, IPv6: 0, Min Delay: 70 ms, Max Speed: 65.87 M/s, Avg Speed: 28.29 M/s, Max Resolution: 1920x1080
Category: 📡卫视频道, Name: 湖北卫视, Total: 16, Valid: 16, Valid Percent: 100.00%, Whitelist: 0, IPv4: 16, IPv6: 0, Min Delay: 70 ms, Max Speed: 65.87 M/s, Avg Speed: 29.93 M/s, Max Resolution: 1920x1080
Category: 📡卫视频道, Name: 黑龙江卫视, Total: 15, Valid: 15, Valid Percent: 100.00%, Whitelist: 0, IPv4: 15, IPv6: 0, Min Delay: 70 ms, Max Speed: 65.87 M/s, Avg Speed: 31.90 M/s, Max Resolution: 1920x1080
Category: 📡卫视频道, Name: 安徽卫视, Total: 16, Valid: 16, Valid Percent: 100.00%, Whitelist: 0, IPv4: 16, IPv6: 0, Min Delay: 70 ms, Max Speed: 65.87 M/s, Avg Speed: 30.03 M/s, Max Resolution: 1920x1080
Category: 📡卫视频道, Name: 重庆卫视, Total: 17, Valid: 17, Valid Percent: 100.00%, Whitelist: 0, IPv4: 17, IPv6: 0, Min Delay: 70 ms, Max Speed: 65.87 M/s, Avg Speed: 32.04 M/s, Max Resolution: 1920x1080
Category: 📡卫视频道, Name: 东方卫视, Total: 20, Valid: 20, Valid Percent: 100.00%, Whitelist: 0, IPv4: 20, IPv6: 0, Min Delay: 70 ms, Max Speed: 65.87 M/s, Avg Speed: 28.12 M/s, Max Resolution: 1920x1080
Category: 📡卫视频道, Name: 东南卫视, Total: 18, Valid: 18, Valid Percent: 100.00%, Whitelist: 0, IPv4: 16, IPv6: 2, Min Delay: 70 ms, Max Speed: 65.87 M/s, Avg Speed: 33.90 M/s, Max Resolution: 1920x1080
Category: 📡卫视频道, Name: 甘肃卫视, Total: 12, Valid: 12, Valid Percent: 100.00%, Whitelist: 0, IPv4: 11, IPv6: 1, Min Delay: 70 ms, Max Speed: 65.87 M/s, Avg Speed: 39.07 M/s, Max Resolution: 1920x1080
Category: 📡卫视频道, Name: 广西卫视, Total: 16, Valid: 15, Valid Percent: 93.75%, Whitelist: 0, IPv4: 16, IPv6: 0, Min Delay: 70 ms, Max Speed: 65.87 M/s, Avg Speed: 40.61 M/s, Max Resolution: 1920x1080
Category: 📡卫视频道, Name: 贵州卫视, Total: 17, Valid: 17, Valid Percent: 100.00%, Whitelist: 0, IPv4: 17, IPv6: 0, Min Delay: 70 ms, Max Speed: 65.87 M/s, Avg Speed: 39.74 M/s, Max Resolution: 1920x1080
Category: 📡卫视频道, Name: 海南卫视, Total: 11, Valid: 11, Valid Percent: 100.00%, Whitelist: 0, IPv4: 11, IPv6: 0, Min Delay: 70 ms, Max Speed: 65.87 M/s, Avg Speed: 42.33 M/s, Max Resolution: 1920x1080
Category: 📡卫视频道, Name: 河北卫视, Total: 18, Valid: 18, Valid Percent: 100.00%, Whitelist: 0, IPv4: 18, IPv6: 0, Min Delay: 70 ms, Max Speed: 65.87 M/s, Avg Speed: 33.93 M/s, Max Resolution: 1920x1080
Category: 📡卫视频道, Name: 河南卫视, Total: 19, Valid: 19, Valid Percent: 100.00%, Whitelist: 0, IPv4: 19, IPv6: 0, Min Delay: 70 ms, Max Speed: 65.87 M/s, Avg Speed: 35.69 M/s, Max Resolution: 1920x1080
Category: 📡卫视频道, Name: 吉林卫视, Total: 13, Valid: 13, Valid Percent: 100.00%, Whitelist: 0, IPv4: 13, IPv6: 0, Min Delay: 70 ms, Max Speed: 65.87 M/s, Avg Speed: 31.70 M/s, Max Resolution: 1920x1080
Category: 📡卫视频道, Name: 江苏卫视, Total: 18, Valid: 18, Valid Percent: 100.00%, Whitelist: 0, IPv4: 18, IPv6: 0, Min Delay: 70 ms, Max Speed: 65.87 M/s, Avg Speed: 27.15 M/s, Max Resolution: 1920x1080
Category: 📡卫视频道, Name: 江西卫视, Total: 15, Valid: 15, Valid Percent: 100.00%, Whitelist: 0, IPv4: 15, IPv6: 0, Min Delay: 70 ms, Max Speed: 65.87 M/s, Avg Speed: 31.90 M/s, Max Resolution: 1920x1080
Category: 📡卫视频道, Name: 辽宁卫视, Total: 16, Valid: 16, Valid Percent: 100.00%, Whitelist: 0, IPv4: 16, IPv6: 0, Min Delay: 70 ms, Max Speed: 65.87 M/s, Avg Speed: 34.01 M/s, Max Resolution: 1920x1080
Category: 📡卫视频道, Name: 内蒙古卫视, Total: 14, Valid: 14, Valid Percent: 100.00%, Whitelist: 0, IPv4: 14, IPv6: 0, Min Delay: 70 ms, Max Speed: 65.87 M/s, Avg Speed: 24.85 M/s, Max Resolution: 1920x1080
Category: 📡卫视频道, Name: 宁夏卫视, Total: 13, Valid: 13, Valid Percent: 100.00%, Whitelist: 0, IPv4: 13, IPv6: 0, Min Delay: 70 ms, Max Speed: 65.87 M/s, Avg Speed: 31.96 M/s, Max Resolution: 1920x1080
Category: 📡卫视频道, Name: 青海卫视, Total: 18, Valid: 18, Valid Percent: 100.00%, Whitelist: 0, IPv4: 16, IPv6: 2, Min Delay: 70 ms, Max Speed: 65.87 M/s, Avg Speed: 30.44 M/s, Max Resolution: 1920x1080
Category: 📡卫视频道, Name: 山东卫视, Total: 18, Valid: 18, Valid Percent: 100.00%, Whitelist: 0, IPv4: 18, IPv6: 0, Min Delay: 70 ms, Max Speed: 65.87 M/s, Avg Speed: 26.63 M/s, Max Resolution: 1920x1080
Category: 📡卫视频道, Name: 山西卫视, Total: 12, Valid: 12, Valid Percent: 100.00%, Whitelist: 0, IPv4: 12, IPv6: 0, Min Delay: 70 ms, Max Speed: 65.87 M/s, Avg Speed: 28.83 M/s, Max Resolution: 1920x1080
Category: 📡卫视频道, Name: 陕西卫视, Total: 12, Valid: 12, Valid Percent: 100.00%, Whitelist: 0, IPv4: 12, IPv6: 0, Min Delay: 70 ms, Max Speed: 65.87 M/s, Avg Speed: 17.94 M/s, Max Resolution: 1920x1080
Category: 📡卫视频道, Name: 四川卫视, Total: 18, Valid: 18, Valid Percent: 100.00%, Whitelist: 0, IPv4: 18, IPv6: 0, Min Delay: 70 ms, Max Speed: 65.87 M/s, Avg Speed: 37.56 M/s, Max Resolution: 1920x1080
Category: 📡卫视频道, Name: 深圳卫视, Total: 16, Valid: 16, Valid Percent: 100.00%, Whitelist: 0, IPv4: 16, IPv6: 0, Min Delay: 70 ms, Max Speed: 65.87 M/s, Avg Speed: 30.03 M/s, Max Resolution: 1920x1080
Category: 📡卫视频道, Name: 三沙卫视, Total: 11, Valid: 11, Valid Percent: 100.00%, Whitelist: 0, IPv4: 11, IPv6: 0, Min Delay: 70 ms, Max Speed: 65.87 M/s, Avg Speed: 37.19 M/s, Max Resolution: 1920x1080
Category: 📡卫视频道, Name: 天津卫视, Total: 14, Valid: 14, Valid Percent: 100.00%, Whitelist: 0, IPv4: 14, IPv6: 0, Min Delay: 70 ms, Max Speed: 65.87 M/s, Avg Speed: 29.48 M/s, Max Resolution: 1920x1080
Category: 📡卫视频道, Name: 西藏卫视, Total: 13, Valid: 13, Valid Percent: 100.00%, Whitelist: 0, IPv4: 11, IPv6: 2, Min Delay: 70 ms, Max Speed: 65.87 M/s, Avg Speed: 26.72 M/s, Max Resolution: 1920x1080
Category: 📡卫视频道, Name: 新疆卫视, Total: 14, Valid: 14, Valid Percent: 100.00%, Whitelist: 0, IPv4: 13, IPv6: 1, Min Delay: 70 ms, Max Speed: 65.87 M/s, Avg Speed: 24.81 M/s, Max Resolution: 1920x1080
Category: 📡卫视频道, Name: 云南卫视, Total: 18, Valid: 18, Valid Percent: 100.00%, Whitelist: 0, IPv4: 17, IPv6: 1, Min Delay: 70 ms, Max Speed: 65.87 M/s, Avg Speed: 33.92 M/s, Max Resolution: 1920x1080
